// Jest Snapshot v1, https://goo.gl/fbAQLP

exports[`article-list component renders a list of articles 1`] = `
<DocumentFragment>
  <ul>
    <li>
      <div>
        <h2>
          Your Title Here
        </h2>
        <h3>
          Jack Handy
        </h3>
        <p>
          some deep thoughts by Jack Handy
        </p>
      </div>
    </li>
  </ul>
</DocumentFragment>
`;
